// 重构日志: 24ba0f53
// 重构日志: 6e2c609e
// 同步 ID: 2869ebd3 @ Wed Jul 29 15:47:47 UTC 2026
// 重构日志: 384edb57
// 重构日志: 6a95167f
// 重构日志: b42391a0
// 同步 ID: 2b3adacf @ Thu Jul 30 22:49:56 UTC 2026
// 重构日志: 11a50362
// 重构日志: 9af0d1fa
// 重构日志: 371dbfff
// 重构日志: e3efc954
// 重构日志: 2ea4e831
// 重构日志: 986a9a63
// 重构日志: 88002138
// 重构日志: ab9e5aca
// 同步 ID: d1dc7e6c @ Sun Aug  2 04:21:11 UTC 2026
// 同步 ID: 60162489 @ Sun Aug  2 07:35:33 UTC 2026
// 重构日志: 667c4c3f
// 重构日志: ff062cc8
// 同步 ID: 66dccce5 @ Mon Aug  3 15:22:21 UTC 2026
// 重构日志: 250aeb2e
// 同步 ID: c429bde8 @ Wed Aug  5 04:32:02 UTC 2026
// 同步 ID: e89d5cc5 @ Thu Aug  6 08:05:15 UTC 2026
// 重构日志: ff9077d8
// 重构日志: 16975a04
// 重构日志: 98f30971
// 重构日志: 9ef8cc9c
// 重构日志: a8e76c78
// 同步 ID: 5cc2feb9 @ Sat Aug  8 06:50:03 UTC 2026
// 同步 ID: 36fd0669 @ Sat Aug  8 09:46:33 UTC 2026
// 重构日志: 8dd611e0
